MPLINK 4.49, Linker
Linker Map File - Created Sat Apr 02 04:00:44 2022

                                 Section Info
                  Section       Type    Address   Location Size(Bytes)
                ---------  ---------  ---------  ---------  ---------
                   .org_0       code   0x000000    program   0x000004
                   .cinit    romdata   0x000004    program   0x000002
                   .org_1       code   0x000008    program   0x000004
                   .org_2       code   0x000018    program   0x000150
.config_300001_18F45K20TMPO.O    romdata   0x300001    program   0x000001
.config_300002_18F45K20TMPO.O    romdata   0x300002    program   0x000001
.config_300003_18F45K20TMPO.O    romdata   0x300003    program   0x000001
.config_300005_18F45K20TMPO.O    romdata   0x300005    program   0x000001
.config_300006_18F45K20TMPO.O    romdata   0x300006    program   0x000001
.config_300008_18F45K20TMPO.O    romdata   0x300008    program   0x000001
.config_300009_18F45K20TMPO.O    romdata   0x300009    program   0x000001
.config_30000A_18F45K20TMPO.O    romdata   0x30000a    program   0x000001
.config_30000B_18F45K20TMPO.O    romdata   0x30000b    program   0x000001
.config_30000C_18F45K20TMPO.O    romdata   0x30000c    program   0x000001
.config_30000D_18F45K20TMPO.O    romdata   0x30000d    program   0x000001



                              Program Memory Usage 
                               Start         End      
                           ---------   ---------      
                            0x000000    0x000005      
                            0x000008    0x00000b      
                            0x000018    0x000167      
                            0x300001    0x300003      
                            0x300005    0x300006      
                            0x300008    0x30000d      
            357 out of 33048 program addresses used, program memory utilization is 1%



                              Symbols - Sorted by Name
                     Name    Address   Location    Storage File                     
                ---------  ---------  ---------  --------- ---------                
          CAR_NOT_ENTERED   0x0000ce    program     static F:\Car Parking System\Source Code\18F45K20TMPO.ASM
              CAR_NOT_OUT   0x0000ea    program     static F:\Car Parking System\Source Code\18F45K20TMPO.ASM
              CLOSE_GATES   0x000044    program     static F:\Car Parking System\Source Code\18F45K20TMPO.ASM
                 HIGH_ISR   0x00001c    program     static F:\Car Parking System\Source Code\18F45K20TMPO.ASM
                  IN_GATE   0x000098    program     static F:\Car Parking System\Source Code\18F45K20TMPO.ASM
         IN_STEPPER_CLOSE   0x0000da    program     static F:\Car Parking System\Source Code\18F45K20TMPO.ASM
          IN_STEPPER_OPEN   0x0000c8    program     static F:\Car Parking System\Source Code\18F45K20TMPO.ASM
              IN_STEPPING   0x000100    program     static F:\Car Parking System\Source Code\18F45K20TMPO.ASM
                     ISRH   0x000008    program     static F:\Car Parking System\Source Code\18F45K20TMPO.ASM
                     ISRL   0x000018    program     static F:\Car Parking System\Source Code\18F45K20TMPO.ASM
                  LOW_ISR   0x000058    program     static F:\Car Parking System\Source Code\18F45K20TMPO.ASM
                     MAIN   0x00006e    program     static F:\Car Parking System\Source Code\18F45K20TMPO.ASM
        MAX_PARKING_CHECK   0x000098    program     static F:\Car Parking System\Source Code\18F45K20TMPO.ASM
                NEXT_STEP   0x000106    program     static F:\Car Parking System\Source Code\18F45K20TMPO.ASM
               NEXT_STEP1   0x00013a    program     static F:\Car Parking System\Source Code\18F45K20TMPO.ASM
               OPEN_GATES   0x000030    program     static F:\Car Parking System\Source Code\18F45K20TMPO.ASM
                 OPERATOR   0x000026    program     static F:\Car Parking System\Source Code\18F45K20TMPO.ASM
                 OUT_GATE   0x0000be    program     static F:\Car Parking System\Source Code\18F45K20TMPO.ASM
        OUT_STEPPER_CLOSE   0x0000f6    program     static F:\Car Parking System\Source Code\18F45K20TMPO.ASM
         OUT_STEPPER_OPEN   0x0000e4    program     static F:\Car Parking System\Source Code\18F45K20TMPO.ASM
             OUT_STEPPING   0x000134    program     static F:\Car Parking System\Source Code\18F45K20TMPO.ASM
        PARKING_AVALIABLE   0x0000a8    program     static F:\Car Parking System\Source Code\18F45K20TMPO.ASM
    PARKING_NOT_AVALIABLE   0x0000b6    program     static F:\Car Parking System\Source Code\18F45K20TMPO.ASM
                 RES_VECT   0x000000    program     static F:\Car Parking System\Source Code\18F45K20TMPO.ASM
                     WAIT   0x000110    program     static F:\Car Parking System\Source Code\18F45K20TMPO.ASM
                    WAIT1   0x000122    program     static F:\Car Parking System\Source Code\18F45K20TMPO.ASM
                    WAIT2   0x000144    program     static F:\Car Parking System\Source Code\18F45K20TMPO.ASM
                    WAIT3   0x000156    program     static F:\Car Parking System\Source Code\18F45K20TMPO.ASM
               WHILE_LOOP   0x000098    program     static F:\Car Parking System\Source Code\18F45K20TMPO.ASM



                              Symbols - Sorted by Address
                     Name    Address   Location    Storage File                     
                ---------  ---------  ---------  --------- ---------                
                 RES_VECT   0x000000    program     static F:\Car Parking System\Source Code\18F45K20TMPO.ASM
                     ISRH   0x000008    program     static F:\Car Parking System\Source Code\18F45K20TMPO.ASM
                     ISRL   0x000018    program     static F:\Car Parking System\Source Code\18F45K20TMPO.ASM
                 HIGH_ISR   0x00001c    program     static F:\Car Parking System\Source Code\18F45K20TMPO.ASM
                 OPERATOR   0x000026    program     static F:\Car Parking System\Source Code\18F45K20TMPO.ASM
               OPEN_GATES   0x000030    program     static F:\Car Parking System\Source Code\18F45K20TMPO.ASM
              CLOSE_GATES   0x000044    program     static F:\Car Parking System\Source Code\18F45K20TMPO.ASM
                  LOW_ISR   0x000058    program     static F:\Car Parking System\Source Code\18F45K20TMPO.ASM
                     MAIN   0x00006e    program     static F:\Car Parking System\Source Code\18F45K20TMPO.ASM
               WHILE_LOOP   0x000098    program     static F:\Car Parking System\Source Code\18F45K20TMPO.ASM
                  IN_GATE   0x000098    program     static F:\Car Parking System\Source Code\18F45K20TMPO.ASM
        MAX_PARKING_CHECK   0x000098    program     static F:\Car Parking System\Source Code\18F45K20TMPO.ASM
        PARKING_AVALIABLE   0x0000a8    program     static F:\Car Parking System\Source Code\18F45K20TMPO.ASM
    PARKING_NOT_AVALIABLE   0x0000b6    program     static F:\Car Parking System\Source Code\18F45K20TMPO.ASM
                 OUT_GATE   0x0000be    program     static F:\Car Parking System\Source Code\18F45K20TMPO.ASM
          IN_STEPPER_OPEN   0x0000c8    program     static F:\Car Parking System\Source Code\18F45K20TMPO.ASM
          CAR_NOT_ENTERED   0x0000ce    program     static F:\Car Parking System\Source Code\18F45K20TMPO.ASM
         IN_STEPPER_CLOSE   0x0000da    program     static F:\Car Parking System\Source Code\18F45K20TMPO.ASM
         OUT_STEPPER_OPEN   0x0000e4    program     static F:\Car Parking System\Source Code\18F45K20TMPO.ASM
              CAR_NOT_OUT   0x0000ea    program     static F:\Car Parking System\Source Code\18F45K20TMPO.ASM
        OUT_STEPPER_CLOSE   0x0000f6    program     static F:\Car Parking System\Source Code\18F45K20TMPO.ASM
              IN_STEPPING   0x000100    program     static F:\Car Parking System\Source Code\18F45K20TMPO.ASM
                NEXT_STEP   0x000106    program     static F:\Car Parking System\Source Code\18F45K20TMPO.ASM
                     WAIT   0x000110    program     static F:\Car Parking System\Source Code\18F45K20TMPO.ASM
                    WAIT1   0x000122    program     static F:\Car Parking System\Source Code\18F45K20TMPO.ASM
             OUT_STEPPING   0x000134    program     static F:\Car Parking System\Source Code\18F45K20TMPO.ASM
               NEXT_STEP1   0x00013a    program     static F:\Car Parking System\Source Code\18F45K20TMPO.ASM
                    WAIT2   0x000144    program     static F:\Car Parking System\Source Code\18F45K20TMPO.ASM
                    WAIT3   0x000156    program     static F:\Car Parking System\Source Code\18F45K20TMPO.ASM


